---
source: src/diagram/tests.rs
expression: "ascii_print_compact::<false>(knot)"
---
                ________   _____                
               /        \ /     \               
              /          \       \              
             /  __   ___/ \   __  \             
            /  /  \ /      \ /  \  \            
           /  /    \        \    \  \           
        __/  /  __/ \   ___/ \__  \  \__        
       /    /  /     \ /        \  \    \       
      /    /  /       \          \  \    \      
     /    /  /    ___/ \______    \  \    \     
    /    /  /    /            \    \  \    \    
   /    (  /    (              )    \  )    \   
  /      \/      \____________/      \/      \  
 /                                            \ 
(                                              )
 \____________________________________________/
