---
source: src/diagram/tests.rs
expression: verbose
---
VerboseDiagram(
    [
        VerboseLine(
            [
                OpenedBelow,
                CrossDownOver,
                ClosedBelow,
            ],
        ),
        VerboseLine(
            [
                Empty,
                Empty,
                Empty,
            ],
        ),
    ],
)
