---
source: src/diagram/tests.rs
expression: "knot.ascii_print_compact::<false>()"
---
  __________________________  
 /                          \ 
(                            )
 \_____   __________   _____/ 
       \ /          \ /       
        \            \        
       / \_____   __/ \       
      /        \ /     \      
     /          /       \     
    /       ___/ \       \    
   /       /      \       \   
  (       (        )       )  
   \       \   ___/       /   
    \       \ /          /    
     \       /          /     
      \_____/ \________/
