---
source: src/diagram/tests.rs
expression: "knot.ascii_print_compact::<false>()"
---
  ________________________   ______________        
 /                        \ /              \       
(                          /                \      
 \__         ____         / \                \     
    \       /    \       /   \       /\       \    
     \     /      \     /     \     /  \       \   
      \   /        \   /       \   /    \       \  
       \ /    /\    \ /         \ /      \       \ 
        /    (  )    \           \        )       )
       / \    \/    / \         / \      /       / 
      /   \        /   \       /   \    /       /  
     /     \      /     \     /     \  /       /   
    /       \____/       \___/       \/       /    
   /                                         /     
  (                                         /      
   \_______________________________________/
