---
source: src/diagram/tests.rs
expression: "knot.ascii_print_compact::<false>()"
---
        ________________   ________           
       /                \ /        \          
      (                  \          \         
       \______   _______/ \          \        
              \ /          \          \       
               /            \          \      
      ________/ \            \          \     
     /           \            \          \    
    (             )            \          \   
     \_____   ___/              \          \  
           \ /                   \          \ 
            /                     )          )
    _______/ \_____              /          / 
   /               \            /          /  
  (                 )          /          /   
   \____   ________/          /          /    
        \ /                  /          /     
         /                  /          /      
  ______/ \__________   ___/          /       
 /                   \ /             /        
(                     \             /         
 \___________________/ \___________/
