---
source: src/diagram/tests.rs
assertion_line: 392
expression: "\"(0 (0 \\\\1 /0 \\\\1 )0 )0\".parse::<AbbreviatedDiagram>().unwrap().with_mode(RenderMode::PrecalculatedHeights).ascii_print_compact::<false>()"
---
  _____________  
 /             \ 
(               )
 \__   ___   __/ 
    \ /   \ /    
     \     \     
    / \   / \    
   /   \ /   \   
  (     /     )  
   \___/ \___/
