---
source: src/diagram/tests.rs
expression: "knot.ascii_print_compact::<false>()"
---
        __________   _______        
       /          \ /       \       
      /            \         \      
     /    __   ___/ \   __    \     
    /    /  \ /      \ /  \    \    
   /    (    \        \    )    \   
  /      \__/ \   ___/ \__/      \  
 /             \ /                \ 
(               \                  )
 \          ___/ \______          / 
  \        /            \        /  
   \      (              )      /   
    \      \____________/      /    
     \                        /     
      \                      /      
       \____________________/
