---
source: src/diagram/tests.rs
expression: "ascii_print_compact::<false>(knot, RenderMode::OpeningCentered)"
---
    __                ____        
   /  \      /\      /    \       
  (    \    (  )    /      \      
   \__  \    \/    /  __    \     
      \  \        /  /  \    \    
       \  \      /  /    )    \   
  __    \  \____/  /    /      \  
 /  \    \        /    /        \ 
(    )    \      /    (          )
 \__/      \____/      \________/
