---
source: src/diagram/tests.rs
expression: "knot.ascii_print_compact::<false>()"
---
                       ______________________________________________                       
                      /                                              \                      
                     /                                                \                     
                    /             ___________________________          \                    
                   /             /                           \          \                   
                  /             (                             )          \                  
                 /               \___________________________/            \                 
                /                                                          \                
               /                                                            \               
              /                                                              \              
             /                     /\                                         \             
            /                     (  )                                         \            
           /                       \/                                           \           
          /                                                                      \          
         /                                                                        \         
        /                  ________________________________                        \        
       /                  /                                \                        \       
      /                  (                                  )                        \      
     /                    \___________   __________   _____/                          \     
    /                                 \ /          \ /                                 \    
   /                                   \            \                                   \   
  /                             ______/ \_____   __/ \                                   \  
 /                             /              \ /     \                                   \ 
(                             /                /       \                                   )
 \                           /             ___/ \       \                                 / 
  \                         /             /      \       \                               /  
   \                       (             (        )       )                             /   
    \                       \             \   ___/       /                             /    
     \                       \             \ /          /                             /     
      \                       \             /          /                             /      
       \                       \___________/ \________/                             /       
        \                                                                          /        
         \                                                                        /         
          \              ________________________________________                /          
           \            /                                        \              /           
            \          (                                          )            /            
             \          \________________________________________/            /             
              \                                                              /              
               \                                                            /               
                \                                                __        /                
                 \                                              /  \      /                 
                  \                                            (    )    /                  
                   \                                            \__/    /                   
                    \                                                  /                    
                     \                                                /                     
                      \______________________________________________/
