---
source: src/diagram/tests.rs
expression: "knot.ascii_print_compact::<false>()"
---
             ___________           
            /           \          
           /             \         
          /               \        
         /      /\         \       
        (      (  )         \      
         \      \/           \     
          \                   \    
           \                   \   
            \______             \  
                   \             \ 
                    \             )
  __    _____        \           / 
 /  \  /     \        \         /  
(    )(       )        )       /   
 \__/  \_____/        /       /    
                     /       /     
                    /       /      
    _______________/       /       
   /                      /        
  (                      /         
   \____________________/
