---
source: src/diagram/tests.rs
expression: "ascii_print_compact::<false>(knot, RenderMode::OpeningCentered)"
---
        __                                            __        
       /  \                                          /  \       
      (    \                                        /    )      
       \    \                                      /    /       
        \    \                                    /    /        
         )    \                                  /    (         
      __/      \__                            __/      \__      
     /            \                          /            \     
    (              \                        /              )    
     \__________    \                      /    __________/     
                \    \                    /    /                
                 )    \                  /    (                 
    ____________/      \__            __/      \____________    
   /                      \          /                      \   
  (                        \        /                        )  
   \____________________    \      /    ____________________/   
                        \    \    /    /                        
                         )    \  /    (                         
  ______________________/      \/      \______________________  
 /                                                            \ 
(                                                              )
 \____________________________________________________________/
