---
source: src/diagram/tests.rs
expression: "ascii_print_compact::<false>(knot, RenderMode::OpeningCentered)"
---
        _____________        
       /             \       
      /               \      
     /  __   ___   __  \     
    /  /  \ /   \ /  \  \    
   /  /    \     \    \  \   
  /  /    / \   / \    \  \  
 /  /    /   \ /   \    \  \ 
(  /    (     /     )    \  )
 \/      \___/ \___/      \/
