---
source: src/lib.rs
expression: ascii_print(terrace)
---
            _                                                    _            
           / \                                                  / \           
          <   \                                                /   >          
           \   \                                              /   /           
            \   \                                            /   /            
             >   \                                          /   <             
         ___/     \___                                  ___/     \___         
        /             \                                /             \        
       <               \                              /               >       
        \____________   \                            /   ____________/        
                     \   \                          /   /                     
                      >   \                        /   <                      
      _______________/     \___                ___/     \_______________      
     /                         \              /                         \     
    <                           \            /                           >    
     \________________________   \          /   ________________________/     
                              \   \        /   /                              
                               >   \      /   <                               
   ___________________________/     \____/     \___________________________   
  /                                                                        \  
 <                                                                          > 
  \________________________________________________________________________/  

