---
source: src/render.rs
expression: "parse(TREFOIL).display::<true>().collect::<String>()"
---
+---+---+---+---+---+---+---
|   |   |___|___|___|   |   
+---+---+---+---+---+---+---
|   |  /|   |   |   |\  |   
|   | ( |   |   |   | ) |   
|   |  \|   |___|   |/  |   
+---+---+---+---+---+---+---
|   |   |\ /|   |\ /|   |   
|   |   | / |   | / |   |   
|   |___|/ \|   |/ \|___|   
+---+---+---+---+---+---+---
|  /|   |   |\ /|   |   |\  
| ( |   |   | \ |   |   | ) 
|  \|___|___|/ \|___|___|/
