---
source: src/lib.rs
expression: ascii_print(donut)
---
              _______________                   
             /               \_                 
            /                  \                
           /       _            \_              
         _/       / \             \             
        /        <   >             \            
   ____/          \_/               \___        
  /                                     \       
 <                                       >      
  \_____________________________________/       
                                                
                                                

