---
source: src/lib.rs
expression: "ascii_print_compact::<false>(terrace)"
---
        _                                        _        
       / \                                      / \       
      (   \                                    /   )      
       \   \                                  /   /       
        \   \                                /   /        
         )   \                              /   (         
      __/     \_                          _/     \__      
     /          \                        /          \     
    (            \                      /            )    
     \_________   \                    /   _________/     
               \   \                  /   /               
                )   \                /   (                
    ___________/     \_            _/     \___________    
   /                   \          /                   \   
  (                     \        /                     )  
   \__________________   \      /   __________________/   
                      \   \    /   /                      
                       )   \  /   (                       
  ____________________/     \/     \____________________  
 /                                                      \ 
(                                                        )
 \______________________________________________________/ 

