---
source: src/render.rs
expression: render(&parse(hand_written))
---
         ______         
        /      \        
       /        \       
      /          \      
     /     /\     \     
    /     (  )     \    
   /       \/       \   
  /                  \  
 (                    ) 
  \__________________/
