---
source: src/lib.rs
expression: ascii_print(trefoil)
---
       _____________                
      /             \               
     <               >              
      \__   _____   /               
         \ /     \ /                
          \       \                 
   ______/ \_   _/ \________        
  /          \ /            \       
 <            /              >      
  \__________/ \____________/       
                                    
                                    

