---
source: src/lib.rs
expression: ascii_print(donut)
---
               __________               
              /          \              
            _/            \_            
           /       _        \           
         _/       / \        \_         
        /        <   >         \        
   ____/          \_/           \___    
  /                                 \   
 <                                   >  
  \_________________________________/   
                                        
                                        

