---
source: src/lib.rs
expression: ascii_print_compact(ugly_trefoil)
---
        ___________        
       /           \       
      /             \      
     /  _   ___   _  \     
    /  / \ /   \ / \  \    
   /  /   \     \   \  \   
  /  /   / \   / \   \  \  
 /  /   /   \ /   \   \  \ 
|  /   |     /     |   \  |
 \/     \___/ \___/     \/ 

