---
source: src/lib.rs
expression: verbose
---
VerboseDiagram(
    [
        VerboseLine(
            [
                OpenedAbove,
                CrossUpUnder,
                ClosedAbove,
            ],
        ),
        VerboseLine(
            [
                OpenedBelow,
                CrossDownOver,
                ClosedBelow,
            ],
        ),
    ],
)
