---
source: src/lib.rs
expression: "ascii_print_compact::<false>(ugly_trefoil)"
---
        ___________        
       /           \       
      /             \      
     /  _   ___   _  \     
    /  / \ /   \ / \  \    
   /  /   \     \   \  \   
  /  /   / \   / \   \  \  
 /  /   /   \ /   \   \  \ 
(  /   (     /     )   \  )
 \/     \___/ \___/     \/ 

