---
source: src/lib.rs
expression: lines
---
[
    [
        OpenedAbove,
        Line,
        Line,
        Line,
    ],
    [
        OpenedBelow,
        TransferUpStart,
        Empty,
        OpenedAbove,
    ],
    [
        Empty,
        Empty,
        TransferUp,
        OpenedBelow,
    ],
    [
        Empty,
        Empty,
        Empty,
        TransferUpFinish,
    ],
]
